!*** Contains features, plugins, and tests for jbpm3. 
!*** See common.map for features, plugins, and tests common to both jbpm3 and jbpm4.

!*** features
feature@org.jboss.tools.jbpm3.sdk.feature=SVN,,http://anonsvn.jboss.org/repos,,jbosstools/branches/jbosstools-3.1.x/jbpm/features/org.jboss.tools.jbpm3.sdk.feature
feature@org.jboss.tools.jbpm3.feature=SVN,,http://anonsvn.jboss.org/repos,,jbosstools/branches/jbosstools-3.1.x/jbpm/features/org.jboss.tools.jbpm3.feature
feature@org.jbpm.gd.jpdl.feature=SVN,,http://anonsvn.jboss.org/repos,,jbosstools/branches/jbosstools-3.1.x/jbpm/features/org.jbpm.gd.jpdl.feature

!*** plugins
plugin@org.jbpm.gd.jpdl=SVN,,http://anonsvn.jboss.org/repos,,jbosstools/branches/jbosstools-3.1.x/jbpm/plugins/org.jbpm.gd.jpdl

!*** test feature
feature@org.jboss.tools.jbpm3.tests.feature=SVN,,http://anonsvn.jboss.org/repos,,jbosstools/branches/jbosstools-3.1.x/jbpm/features/org.jboss.tools.jbpm3.tests.feature

!*** test plugins
plugin@org.jbpm.gd.jpdl.test=SVN,,http://anonsvn.jboss.org/repos,,jbosstools/branches/jbosstools-3.1.x/jbpm/tests/org.jbpm.gd.jpdl.test
